
> temp-vite@0.0.0 build
> vite build

[36mvite v7.3.1 [32mbuilding client environment for production...[36m[39m
transforming...
[32mΓ£ô[39m 80 modules transformed.
node.exe : [31mΓ£ù[39m Build failed in 1.11s
At line:1 char:1
+ & "C:\Program Files\nodejs/node.exe" "C:\Program 
Files\nodejs/node_mo ...
+ ~~~~~~~~~~~~~~~~~~~~~~~~~~~~~~~~~~~~~~~~~~~~~~~~~~~~~
~~~~~~~~~~~~~~~~
    + CategoryInfo          : NotSpecified: ([31mΓ£ù 
   [39m Build failed in 1.11s:String) [], RemoteExcep  
  tion
    + FullyQualifiedErrorId : NativeCommandError
 
[31merror during build:
[31m[vite:esbuild] Transform failed with 1 error:
C:/Users/amans/Downloads/new 
email/client/src/pages/PrivacyPolicy.jsx:218:85: 
ERROR: Expected "}" but found "{"[31m
file: [36mC:/Users/amans/Downloads/new 
email/client/src/pages/PrivacyPolicy.jsx:218:85[31m
[33m
[33mExpected "}" but found "{"[33m
216 |  
217 |              {/* Progress bar */}
218 |  ... position: "fixed", top: 0, left: 0, height: 
"3px", width: ${'`${scrollProgress}%`'}, background: 
"linear-gradient...
    |                                                  
               ^
219 |  
220 |              {/* Top Nav Bar */}
[31m
    at failureErrorWithLog 
(C:\Users\amans\Downloads\new 
email\client\node_modules\esbuild\lib\main.js:1467:15)
    at C:\Users\amans\Downloads\new 
email\client\node_modules\esbuild\lib\main.js:736:50
    at responseCallbacks.<computed> 
(C:\Users\amans\Downloads\new 
email\client\node_modules\esbuild\lib\main.js:603:9)
    at handleIncomingPacket 
(C:\Users\amans\Downloads\new 
email\client\node_modules\esbuild\lib\main.js:658:12)
    at Socket.readFromStdout 
(C:\Users\amans\Downloads\new 
email\client\node_modules\esbuild\lib\main.js:581:7)
    at Socket.emit (node:events:508:28)
    at addChunk (node:internal/streams/readable:559:12)
    at readableAddChunkPushByteMode 
(node:internal/streams/readable:510:3)
    at Readable.push 
(node:internal/streams/readable:390:5)
    at Pipe.onStreamRead 
(node:internal/stream_base_commons:189:23)[39m
